# 행 추가하기 - INSERT

```sql
- INSERT 명령
INSERT INTO 테이블명 VALUES( 값1, 값2 ...)
```

### ⭐️ INSERT로 행 추가하기

RDBMS 에서는 INSERT 명령을 사용해 테이블의 행 단위로 데이터를 추가합니다

```sql
mysql> SELECT *FROM sample41;
Empty set
```

현재 sample41 테이블에는 아무것도 표시되지 않습니다 

해당 테이블에는 어떤 유형의 데이터를 저장할 수 있는지 DESC 명령으로 확인해봅시다.

```sql
mysql> DESC sample41;
+-------+-------------+------+-----+---------+-------+
| Field | Type        | Null | Key | Default | Extra |
+-------+-------------+------+-----+---------+-------+
| no    | int         | NO   |     | NULL    |       |
| a     | varchar(30) | YES  |     | NULL    |       |
| b     | date        | YES  |     | NULL    |       |
+-------+-------------+------+-----+---------+-------+
```

no 열은 int 이므로 수치형 데이터를 저장할 수 잇습니다.

a 열은 varchar 이므로 최대 길이 30인 문자열을 저장할 수 있습니다.

b 열-은 날짜시간형 데이터를 저장할 수 있습니다.

```sql
- sample41 테이블의 행 추가하기
mysql> INSERT INTO sample41 VALUES(1, 'ABC', '2014-01-25');
Query OK, 1 row affected (0.04 sec)

mysql> SELECT *FROM sample41;
+----+------+------------+
| no | a    | b          |
+----+------+------------+
|  1 | ABC  | 2014-01-25 |
+----+------+------------+
```

### ⭐️값을 저장할 열 지정하기

INSERT 명령으로  행을 추가할 경우 값을 저장할 열을 지정할 수 있습니다. 

열을 지정할 경우에는 테이블명 뒤에 괄호로 묶어 열명을 나열하고 VALUES 구로 값을 지정합니다. VALUES 구에 값을 지정할 경우에는 지정한 열과 동일한 개수로 값을 지정해야 합니다.

```sql
-INSERT의 열 지정
INSERT INTO 테이블명 (열1, 열2,....) VALUES(값1, 값2 ...)
```

다음은 지정한 열에 값을 넣어 행을 추가해 봅시다.

```sql
- no 열과 a 열만 지정해 행 추가하기
mysql> INSERT INTO sample41(a, no) VALUES('XYZ',2);
Query OK, 1 row affected (0.01 sec)

mysql> SELECT *FROM sample41;
+----+------+------------+
| no | a    | b          |
+----+------+------------+
|  1 | ABC  | 2014-01-25 |
|  2 | XYZ  | NULL       |
+----+------+------------+
```

아무것도 지정되지 않은 열 b에는 기본값인 NULL이 저장된 것을 알 수 있습니다.

### ⭐️NOT NULL 제약

행을 추가할 때 유효한 값이 없는 상태(NULL)로 두고 싶을 경우에는 VALUES구에서 NULL로 값을 지정할 수 있습니다.

다음은 모든 열에 NULL값을 넣어 추가해 봅시다.

```sql
mysql> INSERT INTO sample41(no, a, b) VALUES(NULL, NULL, NULL);
ERROR 1048 (23000): Column 'no' cannot be null
```

하지만 에러가 발생합니다.  이는 no열에 대해 NULL 값을 허용하지 않는

NOT NULL 제약이 걸려있기 때문입니다.

다음은 no 열의 값만 넣어서 나머지는 NULL로 하여 행을 추가해봅시다.

```sql
mysql> INSERT INTO sample41(no, a, b) VALUES(3, NULL, NULL);
Query OK, 1 row affected (0.01 sec)

mysql> SELECT *FROM sample41;
+----+------+------------+
| no | a    | b          |
+----+------+------------+
|  1 | ABC  | 2014-01-25 |
|  2 | XYZ  | NULL       |
|  3 | NULL | NULL       |
+----+------+------------+
```

### ⭐️DEFAULT

DESC 명령으로 열 구성을 살펴보면 DEFAULT라는 항목을 찾을 수 있습니다.

Default는 명시적으로 값을 지정하지 않았을 경우 사용하는 초깃값을 말합니다.

Default 값은 테이블을 정의할 때 지정할 수 잇습니다. 열을 지정해 행을 추가할 때 지정하지 않은 열은 Default 값을 사용하여 저장됩니다.

```sql
- sample411의 열 구성 확인하기
mysql> DESC sample411;
+-------+------+------+-----+---------+-------+
| Field | Type | Null | Key | Default | Extra |
+-------+------+------+-----+---------+-------+
| no    | int  | NO   |     | NULL    |       |
| d     | int  | YES  |     | 0       |       |
+-------+------+------+-----+---------+-------+
```

해당 테이블의 d 열에는 디폴트값으로 0일 설정되어 있습니다.

```sql
- 값을 생략하지 않고 행 추가하기
mysql> INSERT INTO sample411(no, d) VALUES(1,1);
Query OK, 1 row affected (0.02 sec)

mysql> SELECT *FROM sample411;
+----+------+
| no | d    |
+----+------+
|  1 |    1 |
+----+------+
```

다음으로는 디폴트 값을 지정해 행을 추가해보겠습니다. 

VALUES 구에서 DEFAULT 키워드를 사용하면 디폴트값이 저장됩니다.

```sql
- DEFAULT로 값을 지정해 행 추가하기
mysql> INSERT INTO sample411(no, d) VALUES(2, DEFAULT);
Query OK, 1 row affected (0.01 sec)

mysql> SELECT *FROM sample411;
+----+------+
| no | d    |
+----+------+
|  1 |    1 |
|  2 |    0 |
+----+------+
```

- 암묵적으로 디폴트 저장

암묵적으로 지정하는 방법으로는 d 열을 제외하고 no 열만 지정해 INSERT 명령을 실행하는 것 입니다.

```sql
mysql> INSERT INTO sample411(no) VALUES(3);
Query OK, 1 row affected (0.01 sec)

mysql> SELECT *FROM sample411;
+----+------+
| no | d    |
+----+------+
|  1 |    1 |
|  2 |    0 |
|  3 |    0 |
+----+------+
```

# 삭제하기 - DELETE

```sql
- DELETE 명령
DELETE FROM 테이블명 WHERE 조건식
```

### ⭐️ DELETE로 행 삭제하기

```sql
-DELETE 명령
DELETE FROM 테이블명 WHERE 조건식
```

```sql
mysql> SELECT *FROM sample41;
+----+------+------+
| no | a    | b    |
+----+------+------+
|  2 | XYZ  | NULL |
|  3 | NULL | NULL |
+----+------+------+

mysql> DELETE FROM sample41 WHERE no=3;
Query OK, 1 row affected (0.00 sec)

mysql> SELECT *FROM sample41;
+----+------+------+
| no | a    | b    |
+----+------+------+
|  2 | XYZ  | NULL |
+----+------+------+
```

DELETE 명령을 실행할 때는 재확인을 위한 대화창 같은 것은 표시되지 않습니다. 즉, WHERE 구에서 조건식을 잘못 지정하면 의도하지 않은 데이터마저 삭제됩니다. 따라서 DELETE 명령을 실행할 때는 주의를 기울어야 합니다.

### ⭐️ DELETE 명령 구

WHERE no = 3 으로 조건을 지정하여  no 열이 3인 행을 삭제했습니다만 조건식을 변경하여 삭제할 행을 바꿀 수 있습니다.

DELETE 명령에서도 SELECT 명령처럼 WHERE 구를 지정할 수 있습니다. 

하지만 ORDER BY 구는 사용할 수 없습니다.

# 데이터 갱신하기 - UPDATE

### ⭐️UPDATE로 데이터 갱신하기

```sql
- UPDATE 명령
UPDATE 테이블명 SET 열명 = 값 WHERE 조건식
```

UPDATE 명령은 테이블의 셀 값을 갱신하는 명령입니다.

DELETE와 달리 UPDATE는 셀 단위로 데이터를 갱신할 수 있습니다.

WHERE 구에 조건을 지정하면 그에 일치하는 행을 갱신할 수 있습니다

WHERE 구를 생략한 경우에는 DELETE와 마찬가지로 테이블의 모든 행이 갱신 됩니다.

UPDATE 명령에서는 SET 구를 사용하여 갱신할 열과 값을 지정합니다 

문법은 ‘SET 열명 = 값’ 입니다.

```sql
- sample41 테이블의 셀 값을 갱신하기
mysql> SELECT *FROM sample41;
+----+------+------+
| no | a    | b    |
+----+------+------+
|  2 | XYZ  | NULL |
+----+------+------+

mysql> UPDATE sample41 SET b='2014-09-07'WHERE no=2;
Query OK, 1 row affected (0.03 sec)
Rows matched: 1  Changed: 1  Warnings: 0

mysql> SELECT *FROM sample41;
+----+------+------------+
| no | a    | b          |
+----+------+------------+
|  2 | XYZ  | 2014-09-07 |
+----+------+------------+
```

UPDATE 명령에서는 WHERE 조건에 일치하는 모든행이 갱신된다.

### ⭐️UPDATE로 갱신할 경우 주의사항

UPDATE 명령은 이미 존재하는 행에 대해 값을 갱신하므로 이전의 값과 이후의 값이 두가지 상태를 생각할 수 있습니다.

UPDATE sample41 SET no = no+1;

이라는 명령을 실행한다면 WHERE 구로 지정되어 있지 않아 모든 no열의 값을 1씩 증가합니다. 

### ⭐️복수열 갱신

UPDATE 명령의 SET 구에서는 필요에 따라 콤마( , ) 로 구분하여 갱신할 열을 여러개 지정할 수 있습니다.

```sql
UPDATE 테이블명 SET 열명1 = 값1, 열명2 = 값2, .... WHERE 조건식
```

- SET 구의 실행 순서

여러 개의 열을 한 번에 갱신할 수 있어 편리하기는 하지만, 그 전에 

SET 구는 어떤 순서로 갱신 처리를 하는지 알아둘 필요가 있습니다.

```sql
UPDATE sample41 SET no = no + 1, a = no;
UPDATE sample41 SET a = no, no = no + 1;
```

위와 같은 2개의 명령에서는 순서가 차이가 있습니다.

MySQL에서는 서로 다른 결괏값이 나오지만 Oracle에서는 결과가 같습니다. 

```sql
mysql> UPDATE sample41 SET no = no + 1, a=no;
Query OK, 1 row affected (0.01 sec)
Rows matched: 1  Changed: 1  Warnings: 0

mysql> SELECT *FROM sample41;
+----+------+------------+
| no | a    | b          |
+----+------+------------+
|  3 | 3    | 2014-09-07 |
+----+------+------------+

mysql> UPDATE sample41 SET a=no,no=no+1;
Query OK, 1 row affected (0.00 sec)
Rows matched: 1  Changed: 1  Warnings: 0

mysql> SELECT *FROM sample41;
+----+------+------------+
| no | a    | b          |
+----+------+------------+
|  4 | 3    | 2014-09-07 |
+----+------+------------+
```

MySQL 에서는 SET 구에 기술된 순서로 갱신처리가 일어나므로 no 열의 값은 갱신 이전의 값이 아닌 갱신된 이후의 값을 반환합니다.

### ⭐️NULL로 갱신하기

UPDATE 명령으로 셀 값을 NULL로 갱신할 수 있습니다.

```sql
mysql> UPDATE sample41 SET a=NULL;
Query OK, 1 row affected (0.00 sec)
Rows matched: 1  Changed: 1  Warnings: 0

mysql> SELECT *FROM sample41;
+----+------+------------+
| no | a    | b          |
+----+------+------------+
|  4 | NULL | 2014-09-07 |
+----+------+------------+
```

이때 a 열에 조건에 NOT NULL 제약이 걸려 있다면 에러를 반환합니다.

# 물리삭제와 논리삭제

### ⭐️두 종류의 삭제방법

1. 물리삭제

물리삭제는 SQL의 DELETE 명령을 사용해 직접 데이터를 삭제하자는 사고 방식입니다. 

1. 논리삭제

테이블에 ‘삭제플래그’와 같은 열을 미리 준비해 둡니다. 

테이블에서 실제로 행을 삭제하는 대신, UPDATE 명령을 이용해 ‘삭제플래그’의 값을 유호하게 갱신해두자는 발상에 의한 삭제방법입니다.

실제 테이블 안에 데이터는 남아있지만, 참조할 때에는 ‘삭제플래그’가 삭제로 설정된 행을 제외하는 SELECT 명령을 실행합니다. 결과적으로는 해당 행이 삭제된 것처럼 보입니다.

논리삭제의 장점으로는 데이터를 삭제하지 않기 때문에 삭제되기 전의 상태로 간단히 되돌릴 수 있다는 것을 꼽을 수 있습니다.

단점으로는 삭제해도 데이터베이스의 저장공간이 늘어나지 않는 점,그리고 데이터베이스의 크기가 증가함에 따라 검색속도가 떨어지는 점을 들 수 있습니다. 

### ⭐️삭제 방법 선택하기

- SNS 서비스

사용자의 개인정보를 다루는 시스템에서는 사용자가 탈퇴한 경우 테이블을 삭제합니다. 이때 개인정보를 취급하는 마스터 테이블에서 삭제할 경우에는 물리삭제를 하는 편이 안전합니다. 

- 쇼핑사이트

쇼핑 사이트의 경우는 사용자가 주문을 취소할 경우에도 데이터를 삭제합니다. 이러한 경우에는 논리삭제 방법을 많이 사용합니다. 주문을 취소하였다고 해도 발주는 된 것으로, 해당 정보가 완전히 불필요한 것이라고는 말할 수 없습니다. 이러한 데이터는 특히 주문관련 통계를 낼 때 유용하게 사용할 수 있기 때문입니다.