# 행 개수 구하기 - COUNT

```sql
- 집계함수
COUNT(집합)
SUM(집합)
AVG(집합)
MIN(집합)
MAX(집합)
```

### ⭐️COUNT로 행 개수 구하기

SQL은 집합을 다루는 집계함수를 제공합니다. 일반적인 함수는 인수로 하나의 값을 지정하는 데 비해 집계함수는 인수로 집합을 지정합니다. 이때문에 집합 함수라고도 불립니다.

```sql
- sample51의 행 개수 구하기
mysql> SELECT *FROM sample51;
+------+------+----------+
| no   | name | quantity |
+------+------+----------+
|    1 | A    |        1 |
|    2 | A    |        2 |
|    3 | B    |       10 |
|    4 | C    |        3 |
|    5 | NULL |     NULL |
+------+------+----------+

mysql> SELECT COUNT(*) FROM sample51;
+----------+
| COUNT(*) |
+----------+
|        5 |
+----------+
```

COUNT는 인수로 지정된 집합의 개수를 계산하는 것입니다.

집계함수의 특징은 복수의 값(집합)에서 하나의 값을 계산해내는 것입니다. 집합으로부터 하나의 값을 반환합니다, 이렇게 집합으로부터 하나의 값을 계산하는 것을 ‘집계’라 부릅니다. 따라서 결괏값으로 하나의 행을 반환합니다.

- WHERE 구 지정하기

```sql
- sample51의 행 개수를 WHERE 구를 지정하여 구하기
mysql> SELECT *FROM sample51 WHERE name='A';
+------+------+----------+
| no   | name | quantity |
+------+------+----------+
|    1 | A    |        1 |
|    2 | A    |        2 |
+------+------+----------+

mysql> SELECT COUNT(*) FROM sample51 WHERE name='A';
+----------+
| COUNT(*) |
+----------+
|        2 |
+----------+
```

SELECT 구는 WHERE 구보다 나중에 내부적으로 처리됩니다.

따라서 WHERE구로 조건을 지정하여 테이블 전체가 아닌, 검색된 행이 COUNT로 넘겨집니다. 앞서 말했듯이 결괏값으로는 하나의 행을 반환 합니다.

### ⭐️집계함수와 NULL값

COUNT의 인수로 열명을 지정할 수 있습니다. 열명을 지정하면 그 열의 한해서 행의 개수를 구할 수 있습니다. 

여기서 문제는 NULL 값을 어떻게 취급하느냐 하는 것입니다. 이전에도 언급했듯이 SQL에서는 NULL 값을 고려해야 합니다. 집계함수는 집합 안에 NULL 값이 있을 경우 이를 제외하고 처리합니다. 

```sql
- 행 개수를 구할 때 NULL 값 다루기
mysql> SELECT COUNT(no), COUNT(name) FROM sample51;
+-----------+-------------+
| COUNT(no) | COUNT(name) |
+-----------+-------------+
|         5 |           4 |
+-----------+-------------+
```

no 열의 행 개수는 5, name 열의 행 개수는 4로 나타났습니다.

name 열에는 NULL 값을 가지는 행이 하나 존재하므로 이를 제외한 개수는 4가 됩니다. 다만 COUNT( * )의 경우 모든 열의 행수를 카운트하기 때문에 NULL 값이 있어도 해당 정보가 무시되지 않습니다.

### ⭐️DISTINCT 로 중복 제거

집합을 다룰 때, 경우에 따라서는 집합 안에 중복된 값이 있는지 여부가 문제될 때도 있습니다. 

```sql
- DISTINCT로 중복 제거하기
mysql> SELECT ALL name FROM sample51;
+------+
| name |
+------+
| A    |
| A    |
| B    |
| C    |
| NULL |
+------+

mysql> SELECT DISTINCT name FROM sample51;
+------+
| name |
+------+
| A    |
| B    |
| C    |
| NULL |
+------+
```

SELECT 구에서 DISTINCT를 지정하면 중복된 데이터를 제외한 결과를 클라이언트로 반환합니다. 중복 여부는 SELECT 구에 지정된 모든 열을 비교해 판단합니다. 

### ⭐️집계함수에서 DISTINCT

이번에는 name 열에서 NULL 값을 제외하고, 중복하지 않는 데이터의 개수을 구하는 경우를 생각해봅시다. 

방법은 집계함수의 인수로 DISTINCT을 사용한 수식을 지정하는 것입니다. DISTINCT는 집계함수의 인수에 수식자로 지정할 수 있습니다. DISTINCT를 이용해 집합에서 중복을 제거한 뒤 COUNT로 개수를 구합니다.

```sql
- 중복을 제거한 뒤 개수 구하기
mysql> SELECT COUNT(ALL name), COUNT(DISTINCT name) FROM sample51;
+-----------------+----------------------+
| COUNT(ALL name) | COUNT(DISTINCT name) |
+-----------------+----------------------+
|               4 |                    3 |
+-----------------+----------------------+
```

SELECT 구에서의 중복 삭제와 마찬가지로, DISTINCT가 아닌 ALL 을 지정하면 집합 전부가 집계함수로 주어집니다. ALL을 생략해도 결과는 같습니다. 

# COUNT 이외의 집계함수

```sql
SUM([ALL|DISTINCT] 집합)
AVG([ALL|DISTINCT] 집합)
MIN([ALL|DISTINCT] 집합)
MAX([ALL|DISTINCT] 집합)
```

### ⭐️SUM으로 합계 구하기

SUM 집계함수를 사용해 집합의 합계를 구할 수 있습니다.

```sql
mysql> SELECT *FROM sample51;
+------+------+----------+
| no   | name | quantity |
+------+------+----------+
|    1 | A    |        1 |
|    2 | A    |        2 |
|    3 | B    |       10 |
|    4 | C    |        3 |
|    5 | NULL |     NULL |
+------+------+----------+
mysql> SELECT SUM(quantity) FROM sample51;
+---------------+
| SUM(quantity) |
+---------------+
|            16 |
+---------------+
```

SUM 집계함수에 지정되는 집합은 수치형 뿐입니다. 문자열형이나 날짜시간형의 집합에서 합계를 구할 수는 없습니다.

SUM 집계함수는 NULL 값을 무시합니다.

### ⭐️AVG로 평균내기

AVG라는 집계함수를 통해 평균값을 간단하게 구해봅시다.

```sql
- AVG 와 SUM,COUNT로 평균 구하기
mysql> SELECT *FROM sample51;
+------+------+----------+
| no   | name | quantity |
+------+------+----------+
|    1 | A    |        1 |
|    2 | A    |        2 |
|    3 | B    |       10 |
|    4 | C    |        3 |
|    5 | NULL |     NULL |
+------+------+----------+

mysql> SELECT AVG(quantity),SUM(quantity)/COUNT(quantity) FROM sample51;
+---------------+-------------------------------+
| AVG(quantity) | SUM(quantity)/COUNT(quantity) |
+---------------+-------------------------------+
|        4.0000 |                        4.0000 |
+---------------+-------------------------------+
```

만약 NULL을 0로 간주해서 평균을 내고 싶다면 CASE를 사용해 NULL을 0로 변환한 뒤에 AVG 함수로 계산하면 됩니다.

```sql
- AVG로 평균값 계산(NULL 0으로 변환)
mysql> SELECT AVG(CASE WHEN quantity IS NULL THEN 0 ELSE quantity END) AS avgnull0 FROM sample51;
+----------+
| avgnull0 |
+----------+
|   3.2000 |
+----------+
```

### ⭐️MIN. MAX. 로 최솟값. 최댓값. 구하기

MIN, MAX 집계함수를 사용해 최솟값과 최댓값을 구해봅시다.

이들 함수는 문자열형과 날짜시간형에도 사용할 수 있습니다. 

다만 NULL 값을 무시하는 기본규칙은 다른 집계함수와 같습니다.

```sql
- MIN, MAX로 최대 최소 구하기
mysql> SELECT *FROM sample51;
+------+------+----------+
| no   | name | quantity |
+------+------+----------+
|    1 | A    |        1 |
|    2 | A    |        2 |
|    3 | B    |       10 |
|    4 | C    |        3 |
|    5 | NULL |     NULL |
+------+------+----------+

mysql> SELECT MIN(quantity), MAX(quantity), MIN(name), MAX(name) FROM sample51;
+---------------+---------------+-----------+-----------+
| MIN(quantity) | MAX(quantity) | MIN(name) | MAX(name) |
+---------------+---------------+-----------+-----------+
|             1 |            10 | A         | C         |
+---------------+---------------+-----------+-----------+
```

# 그룹화 - GROUP BY

### ⭐️GROUP BY로 그룹화

```sql
- GROUP BY
SELECT *FROM 테이블명 GROUP BY 열1, 열2 
```

```sql
- name 열로 그룹화하기
mysql> SELECT *FROM sample51;
+------+------+----------+
| no   | name | quantity |
+------+------+----------+
|    1 | A    |        1 |
|    2 | A    |        2 |
|    3 | B    |       10 |
|    4 | C    |        3 |
|    5 | NULL |     NULL |
+------+------+----------+
mysql> SELECT name FROM sample51 GROUP BY name;
+------+
| name |
+------+
| A    |
| B    |
| C    |
| NULL |
+------+
```

DISTINCT를 지정했을 때와 같은 결과가 나왔습니다. GROUP BY 구에 열을 지정하여 그룹화하면 지정된 열의 값이 같은 행이 하나의 그룹으로 묶입니다.

위에서는 SELECT 구에서 name 열을 지정하엿으므로 그룹화된 name 열의 데이터가 클라이언트로 반환됩니다.

GROUP BY 구를 지정하는 경우에는 집계함수와 함께 사용하지 않으면 별 의미가 없습니다.

GROUP BY 구로 그룹화된 각각의 그룹이 하나의 집합으로서 집계함수의 인수로 넘겨지기 때문입니다.

```sql
- GROUP BY 구와 집계함수를 조합
mysql> SELECT name, COUNT(name), SUM(quantity) FROM sample51 GROUP BY name;
+------+-------------+---------------+
| name | COUNT(name) | SUM(quantity) |
+------+-------------+---------------+
| A    |           2 |             3 |
| B    |           1 |            10 |
| C    |           1 |             3 |
| NULL |           0 |          NULL |
+------+-------------+---------------+
```

GROUP BY name에 의해 name 열 값이, A,B,C 그리고 NULL의 네 개 그룹으로 나뉩니다. 

A 그룹에는 두 개의 행이 있는데, COUNT는 행의 개수를 반환하므로 2가 됩니다. A 그룹에 해당하는 2개 행의 quantity 열 값은 각각 1과 2입니다.  SUM은 합계를 구하는 집계함수로 3을 반환합니다.

### ⭐️HAVING 구로 조건 지정

집계함수는 WHERE 구의 조건식에서는 사용할 수 없습니다. 

```sql
mysql> SELECT name, COUNT(name) FROM sample51 WHERE COUNT(name) = 1 GROUP BY name;
ERROR 1111 (HY000): Invalid use of group function
```

위처럼 WHERE 구로 행을 검색하는 처리가 GROUP BY로 그룹화 하는 처리보다 순서상 앞서기 때문입니다. 

내부처리 순서 - WHERE 구 → GROUP BY 구 → SELECT 구 → ORDER BY 구

그렇다면 집계한 결과에서 조건에 맞는 값을 따로 걸러낼 수는 없을 까요 ?

이때 사용하는 것이 바로 HAVING 구 입니다. 

```sql
- HAVING을 사용해 검색
mysql> SELECT name, COUNT(name) FROM sample51 GROUP BY name;
+------+-------------+
| name | COUNT(name) |
+------+-------------+
| A    |           2 |
| B    |           1 |
| C    |           1 |
| NULL |           0 |
+------+-------------+

mysql> SELECT name, COUNT(name) FROM sample51 GROUP BY name HAVING COUNT(name) = 1;
+------+-------------+
| name | COUNT(name) |
+------+-------------+
| B    |           1 |
| C    |           1 |
+------+-------------+

```

내부처리 순서 - WHERE 구 → GROUP BY 구 → HAVING 구 → SELECT 구 → ORDER BY 구

이때 SELECT 구보다도 먼저 처리되므로 별명을 사용할 수는 없습니다. 

### ⭐️복수열의 그룹화

GROUP BY를 사용할 때 주의할 점이 하나 더 있습니다. GROUP BY에 지정한 열 이외의 열은 집계함수를 사용하지 않은 채 SELECT 구에 기술해서는 안됩니다.

EX ) SELECT no, name, quantity FROM sample51 GROUP BY name; 

→ name은 GROUP BY로 지정하므로 OK

→ no, quantity는 지정할 수 없다.

이를 해결하기 위한 방법은? 

1. SELECT MIN(no), name, SUM(quantity) FROM sample51 GROUP BY name;
2. SELECT no, quantity FROM sample51 GROUP BY no, quantity;

### ⭐️결괏값 정렬

GROUP BY로 그룹화해도 실행결과 순서를 정렬할 수는 없습니다.

데이터베이스 처리에서 같은 값을 그룹으로 나누는 과정에서 순서가 서로 바뀌는 부작용이 일어날 수도 있습니다 하지만 이는 데이터베이스 내부처리의 문제로 데이터베이스 제품에 따라 다릅니다. 

이럴때는 ORDER BY 구를 사용해 결과를 정렬할 수 있습니다.

GROUP BY 구로 그룹화한 경우에도 ORDER BY 구를 사용해 정렬할 수 있습니다. 

```sql
- 집계한 결과 정렬하기
mysql> SELECT name, COUNT(name), SUM(quantity) FROM sample51 GROUP BY name ORDER BY SUM(quantity) DESC;
+------+-------------+---------------+
| name | COUNT(name) | SUM(quantity) |
+------+-------------+---------------+
| B    |           1 |            10 |
| A    |           2 |             3 |
| C    |           1 |             3 |
| NULL |           0 |          NULL |
+------+-------------+---------------+
```

내림차순으로 정렬하는 ORDER BY DESC를 지정하였습니다. 

# 서브쿼리

### ⭐️DELETE의 WHERE 구에서 서브쿼리 사용하기

DELETE 명령의 WHERE 구에서 서브쿼리를 사용하는 예를 살펴보겠습니다.

```sql
mysql> SELECT *FROM sample54;
+------+------+
| no   | a    |
+------+------+
|    1 |  100 |
|    2 |  900 |
|    3 |   20 |
|    4 |   80 |
+------+------+
```

위 테이블에서 a 열값이 가장 작은 행을 삭제하려고 합니다.

현재는 눈에 가장 작은 값이 잘 보여 선택하기 쉽지만 작은 열을 파악 할 수 없을 때는 어떻게 해야 할까요? 

```sql
mysql> DELETE FROM sample54 WHERE a = (SELECT MIN(a) FROM sample54);
ERROR 1093 (HY000): You can't specify target table 'sample54' for update in FROM clause
mysql> DELETE FROM sample54 WHERE a = (SELECT a FROM(SELECT MIN(a) AS a FROM sample54)AS x);
Query OK, 1 row affected (0.02 sec)
```

서브쿼리를 사용하여 DELETE 와 SELECT 를 결합시킬 수 있습니다.

단 MySQL에서는 쿼리를 실행하면 에러가 나오는데요 이는 데이터를 추가하거나 갱신할 경우 동일한 테이블을 서브쿼리에서 사용할 수 없도록 되어 있기 때문입니다 에러를 발생하지 않고 실행하려면 인라인 뷰로 임시 테이블을 만들도록 처리하면 됩니다.

### ⭐️스칼라 값

서브쿼리를 사용할 때는 그 SELECT 명령이 어떤 값을 반환하는지 주의할 필요가 있습니다. 다음 네 가지의 일반적인 서브쿼리 패턴입니다.

```sql
- 패턴1 하나의 값을 반환하는 패턴
SELECT MIN(a) FROM sample54;

- 패턴2 복수의 행이 반환되지만 열은 하나인 패턴
SELECT no FROM sample54;

- 패턴3 하나의 행이 반환되지만 열이 복수인 패턴
SELECT MIN(a), MAX(no) FROM sample54;

- 패턴4 복수의 행, 복수의 열이 반환되는 패턴
SELECT no, a FROM sample54;
```

패턴 1은 하나의 값을 반환하는데 ‘단일 값’으로도 통용되지만 데이터베이스 업계에서는 ‘스칼라 값’이라 불립니다.

스칼라 값을 반환하는 SELECT 명령을 특별 취급하는 이유는 서브쿼리로서 사용하기 쉽기 때문입니다. 이처럼 스칼라 값을 반환하도록 SELECT 명령을 작성하고자 한다면 SELECT 구에서 단일 열을 지정합니다. 

SELECT 구에서 하나의 열을 지정하고, GROUP BY를 지정하지 않은 채 집계함수를 사용하면 결과는 단일한 값이 됩니다. 만약 GROUP BY로 그룹화를 하면 몇가지의 그룹으로 나뉘어져 버릴 가능성이 있고 이는 단일 값이 반환되지 않을 겁니다. 

`DELETE FROM sample54 WHERE a = (SELECT MIN(a) FROM sample54);`

위 코드에서 서브쿼리 부분은 스칼라 값을 반환하는 SELECT 명령으로 되어 있으므로 = 연산자를 사용해 열 a 값과 비교할 수 있습니다.

스칼라값을 반환하는 서브쿼리를 특별히 ‘스칼라 서브쿼리’라 부르기도 합니다. 앞서 HAVING 구를 설명할 때 ‘집계함수는 WHERE 구에서 사용할 수 없다’ 라고 설명했습니다 하지만 ‘스칼라 서브쿼리’라면 WHERE 구에 사용할 수 있으므로 집계함수를 사용해 집계한 결과를 조건식으로 사용할 수 있습니다.

### ⭐️ SELECT 구에서 서브쿼리 사용하기

서브쿼리는 WHERE구, SELECT 구, UPDATE의 SET 구 등 다양한 구 안에서 지정할 수 있습니다. 

문법적으로 서브쿼리는 ‘하나의 항목’으로 취급합니다. 단, 문법적으로는 문제없지만 실행하면 에러가 발생하는 경우가 자주 있습니다 이는 스칼라 값의 반환여부에 따라 생기는 현상으로, 서브쿼리를 사용할 때는 스칼라 서브쿼리로 되어 있는지 확인해야 합니다.

```sql
- SELECT 구에서 서브쿼리 사용하기 
mysql> SELECT (SELECT COUNT(*)FROM sample51) AS sq1, (SELECT COUNT(*) FROM sample54)AS sq2;
+------+------+
| sq1  | sq2  |
+------+------+
|    5 |    3 |
+------+------+
```

sample51 테이블의 행 개수와 sample54 테이블의 행 개수를 각 서브쿼리로 구합니다. 여기서 한 가지 주의할 점이 잇는데 서브쿼리가 아닌 상부의 SELECT 명령에는 FROM 구가 없다는 것 입니다. MySQL 등에서는 FROM 구를 생략할 수 있습니다. 

### ⭐️SET 구에서 서브쿼리 사용하기

UPDATE의 SET 구에서도 서브쿼리를 사용할 수 있습니다.

```sql
- SET 구에서 서브쿼리 사용하기
UPDATE sample54 SET a = (SELECT MAX(a) FROM sample54);
```

SET 구에서 서브쿼리를 사용할 경우에도 스칼라 값을 반환하도록 서브 쿼리를 지정할 필요가 있습니다. 

### ⭐️FROM 구에서 서브쿼리 사용하기

FROM 구에서도 서브쿼리를 사용할 수 있습니다. 

FROM 구에 서브쿼리를 지정하는 경우에도 서브쿼리의 기술 방법은 같습니다. 괄호로 SELECT 명령을 묶으면 됩니다. 다만 FROM 구에는 기본적으로 테이블을 지정하는 만큼 다른 구와는 조금 상황이 다릅니다.

한편 SELECT 구나 SET 구에서는 스칼라 서브쿼리를 지정해야 하지만 FROM 구에 기술할 경우에는 스칼라 값을 반환하지 않아도 좋습니다. 물론 스칼라 값이라도 상관없습니다.

```sql
- FROM 구에서 서브쿼리 사용하기
mysql> SELECT *FROM (SELECT *FROM sample54) sq;
+------+------+
| no   | a    |
+------+------+
|    1 |  100 |
|    2 |  900 |
|    4 |   80 |
+------+------+
```

SELECT 명령 안에 SELECT 명령이 들어있는 듯 보입니다. 이를 ‘네스티드 구조’ 또는 ‘중첩구조’, ‘내포구조’라 부릅니다. sq는 테이블의 별명으로, Sub Query의 이니셜에서 따왔습니다. FROM 구에서는 테이블이나 서브쿼리에 별명을 붙일 수 있습니다.

SELECT 구에서 별명을 붙일 때 ‘AS’ 키워드를 사용하여 지정합니다.

```sql
- from 구에서 서브쿼리 사용하기 (as)
mysql> SELECT *FROM (SELECT *FROM sample54) AS sq;
+------+------+
| no   | a    |
+------+------+
|    1 |  100 |
|    2 |  900 |
|    4 |   80 |
+------+------+
```

다음은 중첩구조로 만들어 보도록 하겠습니다

```sql
-from 구에서 서브쿼리 사용하기 중첩구조
mysql> SELECT *FROM (SELECT *FROM (SELECT *FROM sample54)sq1)sq2;
+------+------+
| no   | a    |
+------+------+
|    1 |  100 |
|    2 |  900 |
|    4 |   80 |
+------+------+
```

### ⭐️INSERT 명령과 서브쿼리

INSERT 명령과 서브쿼리를 조합해 사용할 수도 있습니다. INSERT 명령에는 VALUES 구의 일부로 서브쿼리를 사용하는 경우와, VALUES 구 대신 SELECT 명령 사용하는 두 가지 방법이 있습니다. 

```sql
- VALUES 구에서 서브쿼리 사용하기
mysql> INSERT INTO sample541 VALUES( 
	(SELECT COUNT(*) FROM sample51),
	(SELECT COUNT(*) FROM sample54)
	);
mysql> SELECT *FROM sample541;
+------+------+
| a    | b    |
+------+------+
|    5 |    3 |
+------+------+
```

- INSERT SELECT

이번에는 VALUES 구 대신에 SELECT 명령을 사용하는 예를 살펴보겠습니다. 

```sql
- SELECT 결과를 INSERT 하기
mysql> INSERT INTO sample541 SELECT 1,2;
Query OK, 1 row affected (0.00 sec)
Records: 1  Duplicates: 0  Warnings: 0

mysql> SELECT *FROM sample541;
+------+------+
| a    | b    |
+------+------+
|    5 |    3 |
|    1 |    2 |
+------+------+
```

흔히 ‘INSERT SELECT’ 라 불리는 명령으로 INSERT와 SELECT를 합친 것과 같은 명령으로 되었습니다.

열구성이 똑같은 테이블 사이에는 다음과 같은 INSERT SELECT 명령으로 행을 복사할 수 있습니다

`INSERT INTO sample542 SELECT *FROM sample543;`

# 상관 서브쿼리

### ⭐️EXISTS

EXISTS 술어를 사용하면 서브쿼리가 반환하는 결괏값이 있는지를 조사할 수 있습니다. 특히 EXISTS를 사용하는 경우에는 서브쿼리가 반드시 스칼라 값을 반환할 필요는 없습니다. 다음 두 개의 샘플 테이블로 설명하겠습니다.

```sql
mysql> SELECT *FROM sample551;
+------+------+
| no   | a    |
+------+------+
|    1 | NULL |
|    2 | NULL |
|    3 | NULL |
|    4 | NULL |
|    5 | NULL |
+------+------+
mysql> SELECT *FROM sample552;
+------+
| no2  |
+------+
|    3 |
|    5 |
+------+
```

서브쿼리를 사용해 검색할 때 ‘데이터가 존재하는지 아닌지’ 판별하기 위해 조건을 지정할 수 있습니다. 이럴 경우 EXISTS 술어를 사용해 조사합니다.

```sql
- sample552에 3과 5를 통해서 sample551의 해당 열 값을 있음으로 변경
mysql> UPDATE sample551 SET a = '있음' WHERE EXISTS (SELECT *FROM sample552 WHERE no2 = no);
Query OK, 2 rows affected (0.02 sec)
Rows matched: 2  Changed: 2  Warnings: 0

mysql> SELECT *FROM sample551;
+------+------+
| no   | a    |
+------+------+
|    1 | NULL |
|    2 | NULL |
|    3 | 있음 |
|    4 | NULL |
|    5 | 있음 |
+------+------+
```

서브 쿼리 부분이 UPDATE의 WHERE 구로 행을 검색할 때마다 차례로 실행되는 느낌으로 서브쿼리의 WHERE 구는 no2 = no라는 조건식으로 되어 있습니다.

no2 는 sample552의 열이고 no 는 sample551의 열입니다. 이때 no가 3 과 5 일때만 서브쿼리가 행을 업데이트합니다.

### ⭐️NOT EXISTS

이번에는 반대로 행이 존재하지 않는걸 바꿔봅시다.

```sql
- NOT EXISTS를 통해서 남은 열 없음으로 바꾸기
mysql> UPDATE sample551 SET a = '없음' WHERE NOT EXISTS (SELECT *FROM sample552 WHERE no2 = no);
Query OK, 3 rows affected (0.01 sec)
Rows matched: 3  Changed: 3  Warnings: 0

mysql> SELECT *FROM sample551;
+------+------+
| no   | a    |
+------+------+
|    1 | 없음 |
|    2 | 없음 |
|    3 | 있음 |
|    4 | 없음 |
|    5 | 있음 |
+------+------+
```

### ⭐️상관 서브쿼리

서브쿼리에는 명령 안에 중첩구조로 된 SELECT 명령이 존재합니다. 

`UPDATE sample551 SET a = '있음' WHERE EXISTS (SELECT *FROM sample552 WHERE no2 = no);`

UPDATE 명령에서 WHERE 구에 괄호로 묶은 부분이 서브쿼리가 됩니다 부모 명령에서는 sample551를 갱신합니다. 자식인 서브쿼리에서는 sample552 테이블의 no2 열 값이 부모의 no 열 값과 일치하는 행을 검색합니다 이처럼 부모 명령과 자식인 서브쿼리가 특정 관계를 맺는 것을 ‘상관 서브쿼리’라 부릅니다.

단독 쿼리라는 다르게 상관 서브쿼리에서는 부모 명령과 연관되어 처리되기 때문에 서브쿼리 부분만을 따로 떼어내어 실핼 시킬 수 없습니다.

### ⭐️IN

스칼라 값끼리 비교할 때는 = 연산자를 사용합니다. 다만 집합을 비교할 때는 사용할 수 없습니다. IN을 사용하면 집합 안의 값이 존재하는 지를 조사할 수 있습니다. 서브쿼리를 사용할 때 IN을 통해 비교하는경우도 많습니다.

sample552에는 3과 5라는 값이 존재합니다. 서브쿼리르 사용하지 않고 WHERE구로 간단하게 처리한다면 다음과 같이 조건을 붙일 수 있겠습니다. 이처럼 특정 열의 값이 ‘무엇 또는 무엇’ 이라는 조건식을 지정하는 경우  IN을 사용하면 간단하게 지정할 수 있습니다.

```sql
- IN을 사용해 조건식 기술
mysql> SELECT *FROM sample551 WHERE no IN (3,5);
+------+------+
| no   | a    |
+------+------+
|    3 | 있음 |
|    5 | 있음 |
+------+------+
```

IN에서는 오른쪽에 집합을 지정합니다. 왼쪽에 지정된 값과 같은 값이 집합 안에 존재하면 참을 반환합니다. 집합은 상수 리스트를 괄호로 묶어 기술합니다.

```sql
- IN의 오른쪽을 서브쿼리로 지정하기
mysql> SELECT *FROM sample551 WHERE no IN (SELECT no2 FROM sample552);
+------+------+
| no   | a    |
+------+------+
|    3 | 있음 |
|    5 | 있음 |
+------+------+
```

IN은 집합 안에 값이 포합되어 있으면 참이 됩니다. 반면 NOT IN으로 지정하면 집합에 값이 포함되어 있지 않을 경우 참이 됩니다.

- IN과 NULL

집계함수에서는 집합 안의 NULL 값을 무시하고 처리했습니다.

IN에서는 집합 안에 NULL값이 있어도 무시하지는 않습니다. 다만 NULL = NUILL 을 제대로 계산할 수 없으므로 IN을 사용해서 NULL 값은 비교할 수 없습니다. 즉 , NULL 을 비교 할 때는 IS NULL 을 사용해야 합니다.